Archive member included to satisfy reference by file (symbol)

/usr/lib/gcc-cross/arm-linux-gnueabihf/4.8/sf/libgcc.a(_udivsi3.o)
                              disk/built-in.o (__aeabi_uidiv)
/usr/lib/gcc-cross/arm-linux-gnueabihf/4.8/sf/libgcc.a(_divsi3.o)
                              common/built-in.o (__aeabi_idiv)
/usr/lib/gcc-cross/arm-linux-gnueabihf/4.8/sf/libgcc.a(_lshrdi3.o)
                              lib/built-in.o (__aeabi_llsr)
/usr/lib/gcc-cross/arm-linux-gnueabihf/4.8/sf/libgcc.a(_ashldi3.o)
                              drivers/mmc/built-in.o (__aeabi_llsl)
/usr/lib/gcc-cross/arm-linux-gnueabihf/4.8/sf/libgcc.a(_dvmd_lnx.o)
                              /usr/lib/gcc-cross/arm-linux-gnueabihf/4.8/sf/libgcc.a(_udivsi3.o) (__aeabi_idiv0)

Discarded input sections

 .data          0x0000000000000000        0x0 arch/arm/cpu/armv7/start.o
 .bss           0x0000000000000000        0x0 arch/arm/cpu/armv7/start.o
 .text          0x0000000000000000        0x0 arch/arm/cpu/armv7/built-in.o
 .text.v7_dcache_inval_range
                0x0000000000000000       0x80 arch/arm/cpu/armv7/built-in.o
 .text.mmu_page_table_flush
                0x0000000000000000       0x24 arch/arm/cpu/armv7/built-in.o
 .text.v7_outer_cache_inval_range
                0x0000000000000000        0x4 arch/arm/cpu/armv7/built-in.o
 .text.invalidate_dcache_range
                0x0000000000000000       0x38 arch/arm/cpu/armv7/built-in.o
 .text.v7_arch_cp15_set_l2aux_ctrl
                0x0000000000000000        0x8 arch/arm/cpu/armv7/built-in.o
 .text.v7_arch_cp15_set_acr
                0x0000000000000000        0x8 arch/arm/cpu/armv7/built-in.o
 .text.sdelay   0x0000000000000000        0xc arch/arm/cpu/armv7/built-in.o
 .text.wait_on_value
                0x0000000000000000       0x34 arch/arm/cpu/armv7/built-in.o
 .rodata.str1.1
                0x0000000000000000       0x65 arch/arm/cpu/armv7/built-in.o
 .rodata.__func__.7587
                0x0000000000000000       0x16 arch/arm/cpu/armv7/built-in.o
 .data          0x0000000000000000        0x0 arch/arm/cpu/armv7/built-in.o
 .bss           0x0000000000000000        0x0 arch/arm/cpu/armv7/built-in.o
 .text.flush_cache
                0x0000000000000000        0x4 arch/arm/lib/built-in.o
 .text.flush_dcache_all
                0x0000000000000000        0xc arch/arm/lib/built-in.o
 .text.arm_init_before_mmu
                0x0000000000000000        0x4 arch/arm/lib/built-in.o
 .text.mmu_page_table_flush
                0x0000000000000000        0x4 arch/arm/lib/built-in.o
 .text.mmu_set_region_dcache_behaviour
                0x0000000000000000       0x50 arch/arm/lib/built-in.o
 .text.icache_status
                0x0000000000000000        0xc arch/arm/lib/built-in.o
 .data          0x0000000000000000        0x0 arch/arm/lib/built-in.o
 .__secure_start
                0x0000000000000000        0x0 arch/arm/lib/built-in.o
 .__secure_end  0x0000000000000000        0x0 arch/arm/lib/built-in.o
 .bss           0x0000000000000000        0x0 arch/arm/lib/built-in.o
 .text          0x0000000000000000        0x0 board/armltd/vexpress/built-in.o
 .data          0x0000000000000000        0x0 board/armltd/vexpress/built-in.o
 .bss           0x0000000000000000        0x0 board/armltd/vexpress/built-in.o
 .text          0x0000000000000000        0x0 common/built-in.o
 .text.hash_progressive_lookup_algo
                0x0000000000000000       0x68 common/built-in.o
 .text.hash_parse_string
                0x0000000000000000       0x68 common/built-in.o
 .text.hash_block
                0x0000000000000000       0x70 common/built-in.o
 .text.unset_local_var
                0x0000000000000000       0x9c common/built-in.o
 .text.red_led_off
                0x0000000000000000        0x4 common/built-in.o
 .text.green_led_on
                0x0000000000000000        0x4 common/built-in.o
 .text.green_led_off
                0x0000000000000000        0x4 common/built-in.o
 .text.yellow_led_on
                0x0000000000000000        0x4 common/built-in.o
 .text.yellow_led_off
                0x0000000000000000        0x4 common/built-in.o
 .text.blue_led_on
                0x0000000000000000        0x4 common/built-in.o
 .text.blue_led_off
                0x0000000000000000        0x4 common/built-in.o
 .text.dram_init_banksize
                0x0000000000000000       0x20 common/built-in.o
 .text.arch_reserve_stacks
                0x0000000000000000        0x8 common/built-in.o
 .text.board_init_f_mem
                0x0000000000000000       0x28 common/built-in.o
 .text.fixup_cpu
                0x0000000000000000        0x8 common/built-in.o
 .text.bootz_setup
                0x0000000000000000       0x18 common/built-in.o
 .text.env_flags_parse_varaccess_from_binflags
                0x0000000000000000       0x28 common/built-in.o
 .text.of_bus_default_map
                0x0000000000000000       0xdc common/built-in.o
 .text.fdt_read_prop
[...]
Memory Configuration

Name             Origin             Length             Attributes
*default*        0x0000000000000000 0xffffffffffffffff

Linker script and memory map

Address of section .text set to 0x60800000
                0x0000000000000000                . = 0x0
                0x0000000000000000                . = ALIGN (0x4)

.text           0x0000000060800000    0x2b67c
 *(.__image_copy_start)
 .__image_copy_start
                0x0000000060800000        0x0 arch/arm/lib/built-in.o
                0x0000000060800000                __image_copy_start
 *(.vectors)
 .vectors       0x0000000060800000      0x300 arch/arm/lib/built-in.o
                0x0000000060800000                _start
                0x0000000060800020                _undefined_instruction
                0x0000000060800024                _software_interrupt
                0x0000000060800028                _prefetch_abort
                0x000000006080002c                _data_abort
                0x0000000060800030                _not_used
                0x0000000060800034                _irq
                0x0000000060800038                _fiq
                0x0000000060800040                IRQ_STACK_START_IN
 arch/arm/cpu/armv7/start.o(.text*)
 .text          0x0000000060800300       0xb0 arch/arm/cpu/armv7/start.o
                0x0000000060800300                reset
                0x0000000060800304                save_boot_params_ret
                0x0000000060800340                c_runtime_cpu_setup
                0x0000000060800350                save_boot_params
                0x0000000060800354                cpu_init_cp15
                0x00000000608003a8                cpu_init_crit
 *(.text*)
 .text.v7_maint_dcache_all
                0x00000000608003b0       0xd4 arch/arm/cpu/armv7/built-in.o
 .text.invalidate_icache_all
                0x0000000060800484       0x18 arch/arm/cpu/armv7/built-in.o
                0x0000000060800484                invalidate_icache_all
 .text.v7_outer_cache_enable
                0x000000006080049c        0x4 arch/arm/cpu/armv7/built-in.o
                0x000000006080049c                v7_outer_cache_enable
 .text.v7_outer_cache_disable
                0x00000000608004a0        0x4 arch/arm/cpu/armv7/built-in.o
                0x00000000608004a0                v7_outer_cache_disable
 .text.v7_outer_cache_flush_all
                0x00000000608004a4        0x4 arch/arm/cpu/armv7/built-in.o
                0x00000000608004a4                v7_outer_cache_flush_all
 .text.flush_dcache_all
                0x00000000608004a8       0x14 arch/arm/cpu/armv7/built-in.o
                0x00000000608004a8                flush_dcache_all
 .text.v7_outer_cache_inval_all
                0x00000000608004bc        0x4 arch/arm/cpu/armv7/built-in.o
                0x00000000608004bc                v7_outer_cache_inval_all
 .text.invalidate_dcache_all
                0x00000000608004c0       0x14 arch/arm/cpu/armv7/built-in.o
                0x00000000608004c0                invalidate_dcache_all
 .text.arm_init_before_mmu
                0x00000000608004d4       0x28 arch/arm/cpu/armv7/built-in.o
                0x00000000608004d4                arm_init_before_mmu
 .text.v7_outer_cache_flush_range
                0x00000000608004fc        0x4 arch/arm/cpu/armv7/built-in.o
                0x00000000608004fc                v7_outer_cache_flush_range
 .text.flush_dcache_range
                0x0000000060800500       0x38 arch/arm/cpu/armv7/built-in.o
                0x0000000060800500                flush_dcache_range
 .text.flush_cache
                0x0000000060800538        0x8 arch/arm/cpu/armv7/built-in.o
                0x0000000060800538                flush_cache
 .text.cpu_cache_initialization
                0x0000000060800540        0x4 arch/arm/cpu/armv7/built-in.o
                0x0000000060800540                cpu_cache_initialization
 .text.cleanup_before_linux_select
                0x0000000060800544       0x44 arch/arm/cpu/armv7/built-in.o
                0x0000000060800544                cleanup_before_linux_select
 .text.cleanup_before_linux
                0x0000000060800588        0x8 arch/arm/cpu/armv7/built-in.o
                0x0000000060800588                cleanup_before_linux
 .text          0x0000000060800590       0xa0 arch/arm/lib/built-in.o
                0x0000000060800590                _main
 .text.relocate_vectors
                0x0000000060800630       0x70 arch/arm/lib/built-in.o
                0x0000000060800630                relocate_vectors
                0x000000006080063c                relocate_code
 .text.arch_fixup_fdt
                0x00000000608006a0       0x54 arch/arm/lib/built-in.o
                0x00000000608006a0                arch_fixup_fdt
 .text.boot_jump_linux
                0x00000000608006f4       0xb8 arch/arm/lib/built-in.o
 .text.arch_lmb_reserve
                0x00000000608007ac       0x24 arch/arm/lib/built-in.o
                0x00000000608007ac                arch_lmb_reserve
 .text.setup_board_tags
                0x00000000608007d0        0x4 arch/arm/lib/built-in.o
                0x00000000608007d0                setup_board_tags
 .text.boot_prep_linux
                0x00000000608007d4      0x1ac arch/arm/lib/built-in.o
 .text.do_bootm_linux
                0x0000000060800980       0x60 arch/arm/lib/built-in.o
                0x0000000060800980                do_bootm_linux
 .text.bootz_setup
                0x00000000608009e0       0x60 arch/arm/lib/built-in.o
                0x00000000608009e0                bootz_setup
 .text.boot_prep_vxworks
                0x0000000060800a40       0x4c arch/arm/lib/built-in.o
                0x0000000060800a40                boot_prep_vxworks
 .text.boot_jump_vxworks
                0x0000000060800a8c        0xc arch/arm/lib/built-in.o
                0x0000000060800a8c                boot_jump_vxworks
 .text.arch_reserve_stacks
                0x0000000060800a98       0x1c arch/arm/lib/built-in.o
                0x0000000060800a98                arch_reserve_stacks
 .text.interrupt_init
                0x0000000060800ab4       0x1c arch/arm/lib/built-in.o
                0x0000000060800ab4                interrupt_init
 .text.enable_interrupts
                0x0000000060800ad0        0x4 arch/arm/lib/built-in.o
                0x0000000060800ad0                enable_interrupts
 .text.disable_interrupts
                0x0000000060800ad4        0x8 arch/arm/lib/built-in.o
                0x0000000060800ad4                disable_interrupts
 .text.bad_mode
                0x0000000060800adc       0x10 arch/arm/lib/built-in.o
                0x0000000060800adc                bad_mode
 .text.show_regs
                0x0000000060800aec      0x174 arch/arm/lib/built-in.o
                0x0000000060800aec                show_regs
 .text.do_undefined_instruction
                0x0000000060800c60       0x20 arch/arm/lib/built-in.o
                0x0000000060800c60                do_undefined_instruction
 .text.do_software_interrupt
                0x0000000060800c80       0x20 arch/arm/lib/built-in.o
                0x0000000060800c80                do_software_interrupt
 .text.do_prefetch_abort
                0x0000000060800ca0       0x20 arch/arm/lib/built-in.o
                0x0000000060800ca0                do_prefetch_abort
 .text.do_data_abort
                0x0000000060800cc0       0x20 arch/arm/lib/built-in.o
                0x0000000060800cc0                do_data_abort
 .text.do_not_used
                0x0000000060800ce0       0x20 arch/arm/lib/built-in.o
                0x0000000060800ce0                do_not_used
 .text.do_fiq   0x0000000060800d00       0x20 arch/arm/lib/built-in.o
                0x0000000060800d00                do_fiq
 .text.do_irq   0x0000000060800d20       0x20 arch/arm/lib/built-in.o
                0x0000000060800d20                do_irq
 .text.reset_misc
                0x0000000060800d40        0x4 arch/arm/lib/built-in.o
                0x0000000060800d40                reset_misc
 .text.do_reset
                0x0000000060800d44       0x30 arch/arm/lib/built-in.o
                0x0000000060800d44                do_reset
 .text.enable_caches
                0x0000000060800d74        0xc arch/arm/lib/built-in.o
                0x0000000060800d74                enable_caches
 .text.cp_delay
                0x0000000060800d80       0x30 arch/arm/lib/built-in.o
 .text.arm_init_domains
                0x0000000060800db0        0x4 arch/arm/lib/built-in.o
                0x0000000060800db0                arm_init_domains
 .text.set_section_dcache
                0x0000000060800db4       0x14 arch/arm/lib/built-in.o
                0x0000000060800db4                set_section_dcache
 .text.dram_bank_mmu_setup
                0x0000000060800dc8       0x44 arch/arm/lib/built-in.o
                0x0000000060800dc8                dram_bank_mmu_setup
 .text.icache_enable
                0x0000000060800e0c       0x18 arch/arm/lib/built-in.o
                0x0000000060800e0c                icache_enable
 .text.icache_disable
                0x0000000060800e24       0x1c arch/arm/lib/built-in.o
                0x0000000060800e24                icache_disable
 .text.dcache_enable
                0x0000000060800e40       0x74 arch/arm/lib/built-in.o
                0x0000000060800e40                dcache_enable
 .text.dcache_disable
                0x0000000060800eb4       0x28 arch/arm/lib/built-in.o
                0x0000000060800eb4                dcache_disable
 .text.dcache_status
                0x0000000060800edc        0xc arch/arm/lib/built-in.o
                0x0000000060800edc                dcache_status
 .text.board_init
                0x0000000060800ee8       0x70 board/armltd/vexpress/built-in.o
                0x0000000060800ee8                board_init
 .text.board_eth_init
                0x0000000060800f58        0xc board/armltd/vexpress/built-in.o
                0x0000000060800f58                board_eth_init
 .text.cpu_mmc_init
                0x0000000060800f64       0x98 board/armltd/vexpress/built-in.o
                0x0000000060800f64                cpu_mmc_init
 .text.dram_init
                0x0000000060800ffc       0x20 board/armltd/vexpress/built-in.o
                0x0000000060800ffc                dram_init
 .text.dram_init_banksize
                0x000000006080101c       0x40 board/armltd/vexpress/built-in.o
                0x000000006080101c                dram_init_banksize
 .text.v2m_cfg_write
                0x000000006080105c       0x30 board/armltd/vexpress/built-in.o
                0x000000006080105c                v2m_cfg_write
 .text.reset_cpu
                0x000000006080108c       0x28 board/armltd/vexpress/built-in.o
                0x000000006080108c                reset_cpu
 .text.lowlevel_init
                0x00000000608010b4        0x4 board/armltd/vexpress/built-in.o
                0x00000000608010b4                lowlevel_init
 .text.get_board_rev
                0x00000000608010b8        0xc board/armltd/vexpress/built-in.o
                0x00000000608010b8                get_board_rev
 .text.show_boot_progress
                0x00000000608010c4        0x4 common/built-in.o
                0x00000000608010c4                show_boot_progress
 .text.main_loop
                0x00000000608010c8       0x20 common/built-in.o
                0x00000000608010c8                main_loop
 .text.dummy    0x00000000608010e8        0x4 common/built-in.o
 .text.get_version
                0x00000000608010ec        0x8 common/built-in.o
                0x00000000608010ec                get_version
 .text.jumptable_init
                0x00000000608010f4      0x1d0 common/built-in.o
                0x00000000608010f4                jumptable_init
 .text.hash_finish_crc32
                0x00000000608012c4       0x30 common/built-in.o
 .text.hash_update_crc32
                0x00000000608012f4       0x24 common/built-in.o
 .text.hash_init_crc32
                0x0000000060801318       0x24 common/built-in.o
 .text.hash_finish_sha256
                0x000000006080133c       0x38 common/built-in.o
 .text.hash_update_sha256
                0x0000000060801374       0x1c common/built-in.o
 .text.hash_init_sha256
                0x0000000060801390       0x24 common/built-in.o
 .text.hash_finish_sha1
                0x00000000608013b4       0x38 common/built-in.o
 .text.hash_update_sha1
                0x00000000608013ec       0x1c common/built-in.o
 .text.hash_init_sha1
                0x0000000060801408       0x24 common/built-in.o
 .text.hash_lookup_algo
                0x000000006080142c       0x58 common/built-in.o
                0x000000006080142c                hash_lookup_algo
 .text.hash_show
                0x0000000060801484       0x58 common/built-in.o
                0x0000000060801484                hash_show
 .text.hash_command
                0x00000000608014dc      0x180 common/built-in.o
                0x00000000608014dc                hash_command
 .text.b_reset  0x000000006080165c       0x1c common/built-in.o
 .text.static_get
                0x0000000060801678       0x1c common/built-in.o
 .text.static_peek
                0x0000000060801694        0xc common/built-in.o
 .text.file_peek
                0x00000000608016a0        0xc common/built-in.o
 .text.mapset   0x00000000608016ac       0x20 common/built-in.o
 .text.syntax_err
                0x00000000608016cc        0xc common/built-in.o
 .text.free_pipe_list
                0x00000000608016d8       0xf0 common/built-in.o
 .text.xmalloc  0x00000000608017c8       0x20 common/built-in.o
 .text.new_pipe
                0x00000000608017e8       0x28 common/built-in.o
 .text.xrealloc
                0x0000000060801810       0x20 common/built-in.o
 .text.done_command
                0x0000000060801830       0x8c common/built-in.o
 .text.done_pipe
                0x00000000608018bc       0x48 common/built-in.o
 .text.done_word
                0x0000000060801904      0x2d8 common/built-in.o
 .text.do_showvar
                0x0000000060801bdc       0xf0 common/built-in.o
 .text.is_assignment
                0x0000000060801ccc       0x54 common/built-in.o
 .text.file_get
                0x0000000060801d20      0x1d0 common/built-in.o
 .text.b_addchr
                0x0000000060801ef0       0x78 common/built-in.o
 .text.b_addqchr
                0x0000000060801f68       0x50 common/built-in.o
 .text.get_local_var
                0x0000000060801fb8       0x94 common/built-in.o
                0x0000000060801fb8                get_local_var
 .text.set_local_var
                0x000000006080204c      0x1a8 common/built-in.o
                0x000000006080204c                set_local_var
 .text.insert_var_value_sub
                0x00000000608021f4      0x2a8 common/built-in.o
 .text.parse_string_outer
                0x000000006080249c       0xe8 common/built-in.o
                0x000000006080249c                parse_string_outer
 .text.run_list_real
                0x0000000060802584      0x7ec common/built-in.o
 .text.parse_stream_outer
                0x0000000060802d70      0x6cc common/built-in.o
 .text.parse_file_outer
                0x000000006080343c       0x44 common/built-in.o
                0x000000006080343c                parse_file_outer
 .text.u_boot_hush_start
                0x0000000060803480       0x54 common/built-in.o
                0x0000000060803480                u_boot_hush_start
 .text.bootdelay_process
                0x00000000608034d4       0x50 common/built-in.o
                0x00000000608034d4                bootdelay_process
 .text.autoboot_command
                0x0000000060803524       0xd8 common/built-in.o
                0x0000000060803524                autoboot_command
 .text.print_cpuinfo
                0x00000000608035fc        0x8 common/built-in.o
 .text.display_text_info
                0x0000000060803604        0x8 common/built-in.o
 .text.setup_mon_len
                0x000000006080360c       0x20 common/built-in.o
 .text.arch_cpu_init
                0x000000006080362c        0x8 common/built-in.o
                0x000000006080362c                arch_cpu_init
 .text.reserve_round_4k
                0x0000000060803634       0x18 common/built-in.o
 .text.reserve_mmu
                0x000000006080364c       0x38 common/built-in.o
 .text.reserve_trace
                0x0000000060803684        0x8 common/built-in.o
 .text.reserve_uboot
                0x000000006080368c       0x30 common/built-in.o
 .text.reserve_malloc
                0x00000000608036bc       0x14 common/built-in.o
 .text.setup_machine
                0x00000000608036d0        0x8 common/built-in.o
 .text.reserve_global_data
                0x00000000608036d8       0x1c common/built-in.o
 .text.reserve_fdt
                0x00000000608036f4       0x4c common/built-in.o
 .text.display_new_sp
                0x0000000060803740        0x8 common/built-in.o
 .text.initf_dm
                0x0000000060803748        0x8 common/built-in.o
 .text.reserve_arch
                0x0000000060803750        0x8 common/built-in.o
                0x0000000060803750                reserve_arch
 .text.arch_cpu_init_dm
                0x0000000060803758        0x8 common/built-in.o
                0x0000000060803758                arch_cpu_init_dm
 .text.setup_reloc
                0x0000000060803760       0x2c common/built-in.o
 .text.reloc_fdt
                0x000000006080378c       0x30 common/built-in.o
 .text.announce_dram_init
                0x00000000608037bc       0x18 common/built-in.o
 .text.init_baud_rate
                0x00000000608037d4       0x28 common/built-in.o
 .text.mark_bootstage
                0x00000000608037fc       0x14 common/built-in.o
 .text.reserve_board
                0x0000000060803810       0x38 common/built-in.o
 .text.coloured_LED_init
                0x0000000060803848        0x4 common/built-in.o
                0x0000000060803848                coloured_LED_init
 .text.red_led_on
                0x000000006080384c        0x4 common/built-in.o
                0x000000006080384c                red_led_on
 .text.board_add_ram_info
                0x0000000060803850        0x4 common/built-in.o
                0x0000000060803850                board_add_ram_info
 .text.show_dram_config
                0x0000000060803854       0x4c common/built-in.o
 .text.setup_dram_config
                0x00000000608038a0       0x10 common/built-in.o
 .text.board_get_usable_ram_top
                0x00000000608038b0       0x14 common/built-in.o
                0x00000000608038b0                board_get_usable_ram_top
 .text.setup_dest_addr
                0x00000000608038c4       0x40 common/built-in.o
 .text.reserve_stacks
                0x0000000060803904       0x1c common/built-in.o
 .text.board_init_f
                0x0000000060803920       0x28 common/built-in.o
                0x0000000060803920                board_init_f
 .text.bootstage_relocate
                0x0000000060803948        0x8 common/built-in.o
 .text.initr_trace
                0x0000000060803950        0x8 common/built-in.o
 .text.initr_reloc_global_data
                0x0000000060803958       0x28 common/built-in.o
 .text.initr_barrier
                0x0000000060803980        0x8 common/built-in.o
 .text.power_init_board
                0x0000000060803988        0x8 common/built-in.o
                0x0000000060803988                power_init_board
 .text.initr_announce
                0x0000000060803990        0x8 common/built-in.o
 .text.run_main_loop
                0x0000000060803998        0xc common/built-in.o
 .text.initr_net
                0x00000000608039a4       0x1c common/built-in.o
 .text.initr_ethaddr
                0x00000000608039c0       0x20 common/built-in.o
 .text.initr_enable_interrupts
                0x00000000608039e0       0x10 common/built-in.o
 .text.initr_jumptable
                0x00000000608039f0       0x10 common/built-in.o
 .text.initr_env
                0x0000000060803a00       0x30 common/built-in.o
 .text.initr_mmc
                0x0000000060803a30       0x20 common/built-in.o
 .text.initr_serial
                0x0000000060803a50       0x10 common/built-in.o
 .text.initr_malloc
                0x0000000060803a60       0x1c common/built-in.o
 .text.initr_caches
                0x0000000060803a7c       0x10 common/built-in.o
 .text.initr_reloc
                0x0000000060803a8c       0x24 common/built-in.o
 .text.board_flash_wp_on
                0x0000000060803ab0        0x8 common/built-in.o
                0x0000000060803ab0                board_flash_wp_on
 .text.initr_flash
                0x0000000060803ab8       0x64 common/built-in.o
 .text.cpu_secondary_init_r
                0x0000000060803b1c        0x4 common/built-in.o
                0x0000000060803b1c                cpu_secondary_init_r
 .text.initr_secondary_cpu
                0x0000000060803b20       0x10 common/built-in.o
 .text.board_init_r
                0x0000000060803b30       0x14 common/built-in.o
                0x0000000060803b30                board_init_r
 .text.do_go_exec
                0x0000000060803b44       0x10 common/built-in.o
                0x0000000060803b44                do_go_exec
 .text.do_go    0x0000000060803b54       0x70 common/built-in.o
 .text.do_bootm
                0x0000000060803bc4      0x108 common/built-in.o
                0x0000000060803bc4                do_bootm
 .text.image_info
                0x0000000060803ccc      0x128 common/built-in.o
 .text.do_iminfo
                0x0000000060803df4       0x60 common/built-in.o
 .text.bootm_maybe_autostart
                0x0000000060803e54       0x78 common/built-in.o
                0x0000000060803e54                bootm_maybe_autostart
 .text.do_bootz
                0x0000000060803ecc       0xf8 common/built-in.o
                0x0000000060803ecc                do_bootz
 .text.bootm_find_images
                0x0000000060803fc4       0xd4 common/built-in.o
                0x0000000060803fc4                bootm_find_images
 .text.bootm_decomp_image
                0x0000000060804098      0x154 common/built-in.o
                0x0000000060804098                bootm_decomp_image
 .text.bootm_disable_interrupts
                0x00000000608041ec        0x4 common/built-in.o
                0x00000000608041ec                bootm_disable_interrupts
 .text.do_bootm_states
                0x00000000608041f0      0x8c0 common/built-in.o
                0x00000000608041f0                do_bootm_states
 .text.copy_args
                0x0000000060804ab0       0x50 common/built-in.o
 .text.do_bootm_rtems
                0x0000000060804b00       0x54 common/built-in.o
 .text.do_bootm_plan9
                0x0000000060804b54       0xb4 common/built-in.o
 .text.do_bootm_standalone
                0x0000000060804c08       0x64 common/built-in.o
 .text.do_bootm_qnxelf
                0x0000000060804c6c       0x6c common/built-in.o
 .text.do_bootm_netbsd
                0x0000000060804cd8      0x104 common/built-in.o
 .text.do_bootvx_fdt
                0x0000000060804ddc      0x10c common/built-in.o
                0x0000000060804ddc                do_bootvx_fdt
 .text.do_bootm_vxworks
                0x0000000060804ee8       0x38 common/built-in.o
 .text.arch_preboot_os
                0x0000000060804f20        0x4 common/built-in.o
                0x0000000060804f20                arch_preboot_os
 .text.boot_selected_os
                0x0000000060804f24       0x5c common/built-in.o
                0x0000000060804f24                boot_selected_os
 .text.bootm_os_get_boot_func
                0x0000000060804f80       0x10 common/built-in.o
                0x0000000060804f80                bootm_os_get_boot_func
 .text.do_help  0x0000000060804f90       0x48 common/built-in.o
 .text.do_version
                0x0000000060804fd8       0x38 common/built-in.o
 .text.regex_callback
                0x0000000060805010      0x134 common/built-in.o
 .text.env_attr_walk
                0x0000000060805144      0x118 common/built-in.o
                0x0000000060805144                env_attr_walk
 .text.env_attr_lookup
                0x000000006080525c       0x88 common/built-in.o
                0x000000006080525c                env_attr_lookup
 .text.clear_callback
                0x00000000608052e4       0x10 common/built-in.o
 .text.find_env_callback
                0x00000000608052f4       0x64 common/built-in.o
 .text.on_callbacks
                0x0000000060805358       0x50 common/built-in.o
 .text.set_callback
                0x00000000608053a8       0x94 common/built-in.o
 .text.env_callback_init
                0x000000006080543c       0xc4 common/built-in.o
                0x000000006080543c                env_callback_init
 .text.skip_num
                0x0000000060805500       0x74 common/built-in.o
 .text.clear_flags
                0x0000000060805574       0x10 common/built-in.o
 .text.on_flags
                0x0000000060805584       0x50 common/built-in.o
 .text.env_flags_parse_vartype
                0x00000000608055d4       0x50 common/built-in.o
                0x00000000608055d4                env_flags_parse_vartype
 .text.env_flags_parse_varaccess
                0x0000000060805624       0x58 common/built-in.o
                0x0000000060805624                env_flags_parse_varaccess
 .text.set_flags
                0x000000006080567c       0xac common/built-in.o
 .text.env_flags_init
                0x0000000060805728       0xd8 common/built-in.o
                0x0000000060805728                env_flags_init
 .text.env_flags_validate
                0x0000000060805800      0x308 common/built-in.o
                0x0000000060805800                env_flags_validate
 .text.env_init
                0x0000000060805b08       0x64 common/built-in.o
                0x0000000060805b08                env_init
 .text.saveenv  0x0000000060805b6c       0xb0 common/built-in.o
                0x0000000060805b6c                saveenv
 .text.env_relocate_spec
                0x0000000060805c1c       0x10 common/built-in.o
                0x0000000060805c1c                env_relocate_spec
 .text.source   0x0000000060805c2c      0x1c8 common/built-in.o
                0x0000000060805c2c                source
 .text.do_source
                0x0000000060805df4       0x78 common/built-in.o
 .text.print_num
                0x0000000060805e6c       0x18 common/built-in.o
 .text.do_bdinfo
                0x0000000060805e84      0x190 common/built-in.o
 .text.load_elf_image_shdr
                0x0000000060806014       0x8c common/built-in.o
 .text.valid_elf_image
                0x00000000608060a0       0x4c common/built-in.o
                0x00000000608060a0                valid_elf_image
 .text.do_bootelf
                0x00000000608060ec      0x1b4 common/built-in.o
                0x00000000608060ec                do_bootelf
 .text.do_bootvx
                0x00000000608062a0      0x29c common/built-in.o
                0x00000000608062a0                do_bootvx
 .text.do_exit  0x000000006080653c       0x30 common/built-in.o
 .text.do_fat_size
                0x000000006080656c       0x18 common/built-in.o
                0x000000006080656c                do_fat_size
 .text.do_fat_fsload
                0x0000000060806584       0x18 common/built-in.o
                0x0000000060806584                do_fat_fsload
 .text.do_fat_ls
                0x000000006080659c       0x18 common/built-in.o
 .text.do_fat_fsinfo
                0x00000000608065b4       0x90 common/built-in.o
 .text.fdt_valid
                0x0000000060806644       0xbc common/built-in.o
 .text.is_printable_string
                0x0000000060806700       0x88 common/built-in.o
 .text.print_data
                0x0000000060806788      0x170 common/built-in.o
 .text.set_working_fdt_addr
                0x00000000608068f8       0x1c common/built-in.o
                0x00000000608068f8                set_working_fdt_addr
 .text.do_fdt   0x0000000060806914      0xe80 common/built-in.o
 .text.fdt_find_and_setprop
                0x0000000060807794       0x70 common/built-in.o
                0x0000000060807794                fdt_find_and_setprop
 .text.fdt_find_or_add_subnode
                0x0000000060807804       0x68 common/built-in.o
                0x0000000060807804                fdt_find_or_add_subnode
 .text.fdt_root
                0x000000006080786c       0x98 common/built-in.o
                0x000000006080786c                fdt_root
 .text.fdt_initrd
                0x0000000060807904      0x1d0 common/built-in.o
                0x0000000060807904                fdt_initrd
 .text.fdt_chosen
                0x0000000060807ad4       0xa8 common/built-in.o
                0x0000000060807ad4                fdt_chosen
 .text.do_fixup_by_path
                0x0000000060807b7c       0x54 common/built-in.o
                0x0000000060807b7c                do_fixup_by_path
 .text.fdt_fixup_memory_banks
                0x0000000060807bd0      0x1d4 common/built-in.o
                0x0000000060807bd0                fdt_fixup_memory_banks
 .text.fdt_fixup_memory
                0x0000000060807da4       0x24 common/built-in.o
                0x0000000060807da4                fdt_fixup_memory
 .text.fdt_fixup_ethernet
                0x0000000060807dc8      0x158 common/built-in.o
                0x0000000060807dc8                fdt_fixup_ethernet
 .text.fdt_shrink_to_minimum
                0x0000000060807f20       0xd0 common/built-in.o
                0x0000000060807f20                fdt_shrink_to_minimum
 .text.flash_fill_sect_ranges
                0x0000000060807ff0      0x1bc common/built-in.o
 .text.abbrev_spec
                0x00000000608081ac      0x13c common/built-in.o
 .text.do_flinfo
                0x00000000608082e8       0x98 common/built-in.o
 .text.flash_sect_roundb
                0x0000000060808380       0xcc common/built-in.o
                0x0000000060808380                flash_sect_roundb
 .text.addr_spec
                0x000000006080844c       0xc0 common/built-in.o
 .text.flash_sect_erase
                0x000000006080850c       0xcc common/built-in.o
                0x000000006080850c                flash_sect_erase
 .text.do_flerase
                0x00000000608085d8      0x1d8 common/built-in.o
 .text.flash_sect_protect
                0x00000000608087b0      0x138 common/built-in.o
                0x00000000608087b0                flash_sect_protect
 .text.do_protect
                0x00000000608088e8      0x31c common/built-in.o
 .text.do_mem_mw
                0x0000000060808c04       0xc0 common/built-in.o
 .text.do_mem_loop
                0x0000000060808cc4      0x104 common/built-in.o
 .text.do_mem_md
                0x0000000060808dc8       0xe8 common/built-in.o
 .text.do_mem_cmp
                0x0000000060808eb0      0x170 common/built-in.o
 .text.do_mem_base
                0x0000000060809020       0x40 common/built-in.o
 .text.do_mem_cp
                0x0000000060809060      0x130 common/built-in.o
 .text.do_mem_crc
                0x0000000060809190       0x4c common/built-in.o
 .text.mod_mem.isra.2
                0x00000000608091dc      0x168 common/built-in.o
 .text.do_mem_mm
                0x0000000060809344        0x8 common/built-in.o
 .text.do_mem_nm
                0x000000006080934c        0x8 common/built-in.o
 .text.do_mmcops
                0x0000000060809354       0xb4 common/built-in.o
 .text.init_mmc_device
                0x0000000060809408       0x54 common/built-in.o
 .text.do_mmc_rescan
                0x000000006080945c       0x24 common/built-in.o
 .text.do_mmc_hwpartition
                0x0000000060809480      0x504 common/built-in.o
 .text.do_mmc_list
                0x0000000060809984       0x14 common/built-in.o
 .text.do_mmc_dev
                0x0000000060809998      0x134 common/built-in.o
 .text.do_mmc_part
                0x0000000060809acc       0x5c common/built-in.o
 .text.do_mmc_erase
                0x0000000060809b28       0xe8 common/built-in.o
 .text.do_mmc_write
                0x0000000060809c10      0x100 common/built-in.o
 .text.do_mmc_read
                0x0000000060809d10       0xec common/built-in.o
 .text.do_mmcinfo
                0x0000000060809dfc      0x378 common/built-in.o
 .text.do_mmc_setdsr
                0x000000006080a174       0xb0 common/built-in.o
 .text.netboot_common
                0x000000006080a224      0x2a0 common/built-in.o
 .text.do_bootp
                0x000000006080a4c4        0xc common/built-in.o
 .text.do_dhcp  0x000000006080a4d0        0xc common/built-in.o
 .text.do_tftpb
                0x000000006080a4dc       0x40 common/built-in.o
                0x000000006080a4dc                do_tftpb
 .text.do_ping  0x000000006080a51c       0x7c common/built-in.o
 .text.do_get_ext2
                0x000000006080a598        0x8 common/built-in.o
 .text.do_get_any
                0x000000006080a5a0        0x8 common/built-in.o
 .text.eol_or_eof
                0x000000006080a5a8       0x20 common/built-in.o
 .text.do_pxe   0x000000006080a5c8       0x74 common/built-in.o
 .text.label_print
                0x000000006080a63c       0x1c common/built-in.o
 .text.do_get_tftp
                0x000000006080a658       0x44 common/built-in.o
 .text.from_env
                0x000000006080a69c       0x2c common/built-in.o
 .text.get_string
                0x000000006080a6c8       0xc8 common/built-in.o
 .text.label_destroy
                0x000000006080a790       0x74 common/built-in.o
 .text.destroy_pxe_menu
                0x000000006080a804       0x5c common/built-in.o
 .text.get_token
                0x000000006080a860      0x120 common/built-in.o
 .text.parse_sliteral
                0x000000006080a980       0x54 common/built-in.o
 .text.parse_integer
                0x000000006080a9d4       0x70 common/built-in.o
 .text.do_get_fat
                0x000000006080aa44       0x3c common/built-in.o
 .text.format_mac_pxe.constprop.9
                0x000000006080aa80       0x78 common/built-in.o
 .text.get_relfile
                0x000000006080aaf8      0x13c common/built-in.o
 .text.get_pxe_file
                0x000000006080ac34       0x64 common/built-in.o
 .text.handle_include
                0x000000006080ac98       0xa4 common/built-in.o
 .text.parse_pxefile_top
                0x000000006080ad3c      0x470 common/built-in.o
 .text.parse_pxefile
                0x000000006080b1ac       0x6c common/built-in.o
 .text.get_pxelinux_path
                0x000000006080b218       0x80 common/built-in.o
 .text.do_pxe_get
                0x000000006080b298      0x164 common/built-in.o
 .text.get_relfile_envaddr
                0x000000006080b3fc       0x58 common/built-in.o
 .text.label_boot
                0x000000006080b454      0x584 common/built-in.o
 .text.handle_pxe_menu
                0x000000006080b9d8      0x164 common/built-in.o
 .text.do_pxe_boot
                0x000000006080bb3c       0xe0 common/built-in.o
 .text.do_sysboot
                0x000000006080bc1c      0x1e8 common/built-in.o
 .text.do_false
                0x000000006080be04        0x8 common/built-in.o
 .text.do_true  0x000000006080be0c        0x8 common/built-in.o
 .text.do_test  0x000000006080be14      0x34c common/built-in.o
 .text.flash_protect
                0x000000006080c160       0xe0 common/built-in.o
                0x000000006080c160                flash_protect
 .text.addr2info
                0x000000006080c240       0x8c common/built-in.o
                0x000000006080c240                addr2info
 .text.flash_write
                0x000000006080c2cc      0x148 common/built-in.o
                0x000000006080c2cc                flash_write
 .text.flash_perror
                0x000000006080c414       0xe8 common/built-in.o
                0x000000006080c414                flash_perror
 .text.menu_display_statusline
                0x000000006080c4fc        0x4 common/built-in.o
                0x000000006080c4fc                menu_display_statusline
 .text.menu_default_set
                0x000000006080c500       0x88 common/built-in.o
                0x000000006080c500                menu_default_set
 .text.menu_get_choice
                0x000000006080c588      0x1d8 common/built-in.o
                0x000000006080c588                menu_get_choice
 .text.menu_item_add
                0x000000006080c760       0xdc common/built-in.o
                0x000000006080c760                menu_item_add
 .text.menu_create
                0x000000006080c83c       0x90 common/built-in.o
                0x000000006080c83c                menu_create
 .text.menu_destroy
                0x000000006080c8cc       0x70 common/built-in.o
                0x000000006080c8cc                menu_destroy
 .text.do_env_delete
                0x000000006080c93c       0xa4 common/built-in.o
 .text.do_env_save
                0x000000006080c9e0       0x2c common/built-in.o
 .text.do_env   0x000000006080ca0c       0x64 common/built-in.o
 .text.env_print
                0x000000006080ca70       0xc0 common/built-in.o
 .text.do_env_print
                0x000000006080cb30       0xc8 common/built-in.o
 .text.do_env_import
                0x000000006080cbf8      0x280 common/built-in.o
 .text.do_env_default
                0x000000006080ce78       0xac common/built-in.o
 .text._do_env_set.isra.1
                0x000000006080cf24      0x1c4 common/built-in.o
 .text.do_env_set
                0x000000006080d0e8       0x20 common/built-in.o
 .text.get_env_id
                0x000000006080d108       0x10 common/built-in.o
                0x000000006080d108                get_env_id
 .text.setenv   0x000000006080d118       0x5c common/built-in.o
                0x000000006080d118                setenv
 .text.setenv_ulong
                0x000000006080d174       0x20 common/built-in.o
                0x000000006080d174                setenv_ulong
 .text.setenv_hex
                0x000000006080d194       0x34 common/built-in.o
                0x000000006080d194                setenv_hex
 .text.do_env_export
                0x000000006080d1c8      0x274 common/built-in.o
 .text.envmatch
                0x000000006080d43c       0x78 common/built-in.o
                0x000000006080d43c                envmatch
 .text.getenv_f
                0x000000006080d4b4       0xc8 common/built-in.o
                0x000000006080d4b4                getenv_f
 .text.getenv   0x000000006080d57c       0x78 common/built-in.o
                0x000000006080d57c                getenv
 .text.getenv_hex
                0x000000006080d5f4       0x3c common/built-in.o
                0x000000006080d5f4                getenv_hex
 .text.getenv_ulong
                0x000000006080d630       0x30 common/built-in.o
                0x000000006080d630                getenv_ulong
 .text.env_get_char_spec
                0x000000006080d660        0xc common/built-in.o
                0x000000006080d660                env_get_char_spec
 .text.env_get_addr
                0x000000006080d66c       0x20 common/built-in.o
                0x000000006080d66c                env_get_addr
 .text.env_get_char_memory
                0x000000006080d68c       0x10 common/built-in.o
                0x000000006080d68c                env_get_char_memory
 .text.env_get_char
                0x000000006080d69c       0x30 common/built-in.o
                0x000000006080d69c                env_get_char
 .text.getenv_yesno
                0x000000006080d6cc       0x48 common/built-in.o
                0x000000006080d6cc                getenv_yesno
 .text.getenv_default
                0x000000006080d714       0x30 common/built-in.o
                0x000000006080d714                getenv_default
 .text.set_default_env
                0x000000006080d744       0xc0 common/built-in.o
                0x000000006080d744                set_default_env
 .text.set_default_vars
                0x000000006080d804       0x3c common/built-in.o
                0x000000006080d804                set_default_vars
 .text.env_import
                0x000000006080d840       0xe4 common/built-in.o
                0x000000006080d840                env_import
 .text.env_export
                0x000000006080d924       0xa4 common/built-in.o
                0x000000006080d924                env_export
 .text.env_relocate
                0x000000006080d9c8       0x30 common/built-in.o
                0x000000006080d9c8                env_relocate
 .text.console_setfile
                0x000000006080d9f8       0xbc common/built-in.o
 .text.puts     0x000000006080dab4       0x34 common/built-in.o
                0x000000006080dab4                puts
 .text.printf   0x000000006080dae8       0x40 common/built-in.o
                0x000000006080dae8                printf
 .text.fgetc    0x000000006080db28       0x24 common/built-in.o
                0x000000006080db28                fgetc
 .text.getc     0x000000006080db4c       0x24 common/built-in.o
                0x000000006080db4c                getc
 .text.ftstc    0x000000006080db70       0x24 common/built-in.o
                0x000000006080db70                ftstc
 .text.tstc     0x000000006080db94       0x24 common/built-in.o
                0x000000006080db94                tstc
 .text.fputc    0x000000006080dbb8       0x1c common/built-in.o
                0x000000006080dbb8                fputc
 .text.putc     0x000000006080dbd4       0x28 common/built-in.o
                0x000000006080dbd4                putc
 .text.vprintf  0x000000006080dbfc       0x34 common/built-in.o
                0x000000006080dbfc                vprintf
 .text.ctrlc    0x000000006080dc30       0x58 common/built-in.o
                0x000000006080dc30                ctrlc
 .text.had_ctrlc
                0x000000006080dc88       0x10 common/built-in.o
                0x000000006080dc88                had_ctrlc
 .text.clear_ctrlc
                0x000000006080dc98       0x14 common/built-in.o
                0x000000006080dc98                clear_ctrlc
 .text.search_device
                0x000000006080dcac       0x28 common/built-in.o
                0x000000006080dcac                search_device
 .text.console_assign
                0x000000006080dcd4       0x44 common/built-in.o
                0x000000006080dcd4                console_assign
 .text.on_console
                0x000000006080dd18       0xb8 common/built-in.o
 .text.console_init_f
                0x000000006080ddd0       0x10 common/built-in.o
                0x000000006080ddd0                console_init_f
 .text.stdio_print_current_devices
                0x000000006080dde0       0xb0 common/built-in.o
                0x000000006080dde0                stdio_print_current_devices
 .text.console_init_r
                0x000000006080de90       0xd4 common/built-in.o
                0x000000006080de90                console_init_r
 .text.sbrk     0x000000006080df64       0x70 common/built-in.o
                0x000000006080df64                sbrk
 .text.mem_malloc_init
                0x000000006080dfd4       0x34 common/built-in.o
                0x000000006080dfd4                mem_malloc_init
 .text.malloc_trim
                0x000000006080e008       0xcc common/built-in.o
                0x000000006080e008                malloc_trim
 .text.free     0x000000006080e0d4      0x230 common/built-in.o
                0x000000006080e0d4                free
 .text.malloc   0x000000006080e304      0x5dc common/built-in.o
                0x000000006080e304                malloc
 .text.calloc   0x000000006080e8e0       0xdc common/built-in.o
                0x000000006080e8e0                calloc
 .text.realloc  0x000000006080e9bc      0x4b8 common/built-in.o
                0x000000006080e9bc                realloc
 .text.memalign
                0x000000006080ee74      0x10c common/built-in.o
                0x000000006080ee74                memalign
 .text.initf_malloc
                0x000000006080ef80        0x8 common/built-in.o
                0x000000006080ef80                initf_malloc
 .text.on_loadaddr
                0x000000006080ef88       0x38 common/built-in.o
 .text.image_check_hcrc
                0x000000006080efc0       0x4c common/built-in.o
                0x000000006080efc0                image_check_hcrc
 .text.image_check_dcrc
                0x000000006080f00c       0x38 common/built-in.o
                0x000000006080f00c                image_check_dcrc
 .text.image_multi_count
                0x000000006080f044       0x1c common/built-in.o
                0x000000006080f044                image_multi_count
 .text.image_multi_getimg
                0x000000006080f060       0x7c common/built-in.o
                0x000000006080f060                image_multi_getimg
 .text.getenv_bootm_low
                0x000000006080f0dc       0x30 common/built-in.o
                0x000000006080f0dc                getenv_bootm_low
 .text.getenv_bootm_size
                0x000000006080f10c       0x5c common/built-in.o
                0x000000006080f10c                getenv_bootm_size
 .text.getenv_bootm_mapsize
                0x000000006080f168       0x30 common/built-in.o
                0x000000006080f168                getenv_bootm_mapsize
 .text.memmove_wd
                0x000000006080f198        0xc common/built-in.o
                0x000000006080f198                memmove_wd
 .text.genimg_print_size
                0x000000006080f1a4       0x30 common/built-in.o
                0x000000006080f1a4                genimg_print_size
 .text.get_table_entry
                0x000000006080f1d4       0x24 common/built-in.o
                0x000000006080f1d4                get_table_entry
 .text.get_table_entry_name
                0x000000006080f1f8       0x20 common/built-in.o
                0x000000006080f1f8                get_table_entry_name
 .text.genimg_get_os_name
                0x000000006080f218       0x18 common/built-in.o
                0x000000006080f218                genimg_get_os_name
 .text.genimg_get_arch_name
                0x000000006080f230       0x18 common/built-in.o
                0x000000006080f230                genimg_get_arch_name
 .text.genimg_get_type_name
                0x000000006080f248       0x18 common/built-in.o
                0x000000006080f248                genimg_get_type_name
 .text.genimg_get_comp_name
                0x000000006080f260       0x18 common/built-in.o
                0x000000006080f260                genimg_get_comp_name
 .text.image_print_contents
                0x000000006080f278      0x16c common/built-in.o
                0x000000006080f278                image_print_contents
 .text.get_table_entry_id
                0x000000006080f3e4       0x50 common/built-in.o
                0x000000006080f3e4                get_table_entry_id
 .text.genimg_get_os_id
                0x000000006080f434       0x18 common/built-in.o
                0x000000006080f434                genimg_get_os_id
 .text.genimg_get_arch_id
                0x000000006080f44c       0x18 common/built-in.o
                0x000000006080f44c                genimg_get_arch_id
 .text.genimg_get_type_id
                0x000000006080f464       0x18 common/built-in.o
                0x000000006080f464                genimg_get_type_id
 .text.genimg_get_comp_id
                0x000000006080f47c       0x18 common/built-in.o
                0x000000006080f47c                genimg_get_comp_id
 .text.genimg_get_kernel_addr_fit
                0x000000006080f494       0x70 common/built-in.o
                0x000000006080f494                genimg_get_kernel_addr_fit
 .text.genimg_get_kernel_addr
                0x000000006080f504       0x24 common/built-in.o
                0x000000006080f504                genimg_get_kernel_addr
 .text.genimg_get_format
                0x000000006080f528       0x38 common/built-in.o
                0x000000006080f528                genimg_get_format
 .text.genimg_get_image
                0x000000006080f560        0x4 common/built-in.o
                0x000000006080f560                genimg_get_image
 .text.genimg_has_config
                0x000000006080f564       0x10 common/built-in.o
                0x000000006080f564                genimg_has_config
 .text.boot_get_ramdisk
                0x000000006080f574      0x37c common/built-in.o
                0x000000006080f574                boot_get_ramdisk
 .text.boot_ramdisk_high
                0x000000006080f8f0      0x128 common/built-in.o
                0x000000006080f8f0                boot_ramdisk_high
 .text.boot_get_setup
                0x000000006080fa18        0x4 common/built-in.o
                0x000000006080fa18                boot_get_setup
 .text.boot_get_loadable
                0x000000006080fa1c       0xd4 common/built-in.o
                0x000000006080fa1c                boot_get_loadable
 .text.image_setup_linux
                0x000000006080faf0       0x8c common/built-in.o
                0x000000006080faf0                image_setup_linux
 .text.fdt_error
                0x000000006080fb7c       0x2c common/built-in.o
 .text.boot_fdt_add_mem_rsv_regions
                0x000000006080fba8       0x88 common/built-in.o
                0x000000006080fba8                boot_fdt_add_mem_rsv_regions
 .text.boot_relocate_fdt
                0x000000006080fc30      0x194 common/built-in.o
                0x000000006080fc30                boot_relocate_fdt
 .text.boot_get_fdt
                0x000000006080fdc4      0x3d4 common/built-in.o
                0x000000006080fdc4                boot_get_fdt
 .text.ft_verify_fdt
                0x0000000060810198        0x8 common/built-in.o
                0x0000000060810198                ft_verify_fdt
 .text.image_setup_libfdt
                0x00000000608101a0      0x100 common/built-in.o
                0x00000000608101a0                image_setup_libfdt
 .text.fit_parse_conf
                0x00000000608102a0       0x64 common/built-in.o
                0x00000000608102a0                fit_parse_conf
 .text.fit_parse_subimage
                0x0000000060810304       0x64 common/built-in.o
                0x0000000060810304                fit_parse_subimage
 .text.fit_get_desc
                0x0000000060810368       0x30 common/built-in.o
                0x0000000060810368                fit_get_desc
 .text.fit_image_get_node
                0x0000000060810398       0x30 common/built-in.o
                0x0000000060810398                fit_image_get_node
 .text.fit_image_get_os
                0x00000000608103c8       0x3c common/built-in.o
                0x00000000608103c8                fit_image_get_os
 .text.fit_image_get_arch
                0x0000000060810404       0x3c common/built-in.o
                0x0000000060810404                fit_image_get_arch
 .text.fit_image_get_type
                0x0000000060810440       0x3c common/built-in.o
                0x0000000060810440                fit_image_get_type
 .text.fit_image_get_comp
                0x000000006081047c       0x3c common/built-in.o
                0x000000006081047c                fit_image_get_comp
 .text.fit_image_get_load
                0x00000000608104b8       0x38 common/built-in.o
                0x00000000608104b8                fit_image_get_load
 .text.fit_image_get_entry
                0x00000000608104f0       0x38 common/built-in.o
                0x00000000608104f0                fit_image_get_entry
 .text.fit_image_get_data
                0x0000000060810528       0x40 common/built-in.o
                0x0000000060810528                fit_image_get_data
 .text.fit_image_hash_get_algo
                0x0000000060810568       0x30 common/built-in.o
                0x0000000060810568                fit_image_hash_get_algo
 .text.fit_image_hash_get_value
                0x0000000060810598       0x40 common/built-in.o
                0x0000000060810598                fit_image_hash_get_value
 .text.fit_image_print_data
                0x00000000608105d8      0x140 common/built-in.o
 .text.fit_image_print
                0x0000000060810718      0x324 common/built-in.o
                0x0000000060810718                fit_image_print
 .text.calculate_hash
                0x0000000060810a3c       0xfc common/built-in.o
                0x0000000060810a3c                calculate_hash
 .text.fit_image_verify
                0x0000000060810b38      0x218 common/built-in.o
                0x0000000060810b38                fit_image_verify
 .text.fit_all_image_verify
                0x0000000060810d50       0xe4 common/built-in.o
                0x0000000060810d50                fit_all_image_verify
 .text.fit_image_check_os
                0x0000000060810e34       0x30 common/built-in.o
                0x0000000060810e34                fit_image_check_os
 .text.fit_image_check_arch
                0x0000000060810e64       0x44 common/built-in.o
                0x0000000060810e64                fit_image_check_arch
 .text.fit_image_check_type
                0x0000000060810ea8       0x30 common/built-in.o
                0x0000000060810ea8                fit_image_check_type
 .text.fit_image_check_comp
                0x0000000060810ed8       0x30 common/built-in.o
                0x0000000060810ed8                fit_image_check_comp
 .text.fit_check_format
                0x0000000060810f08       0x40 common/built-in.o
                0x0000000060810f08                fit_check_format
 .text.fit_conf_get_node
                0x0000000060810f48       0x68 common/built-in.o
                0x0000000060810f48                fit_conf_get_node
 .text.fit_conf_get_prop_node
                0x0000000060810fb0       0x2c common/built-in.o
                0x0000000060810fb0                fit_conf_get_prop_node
 .text.fit_conf_print
                0x0000000060810fdc      0x174 common/built-in.o
                0x0000000060810fdc                fit_conf_print
 .text.fit_print_contents
                0x0000000060811150      0x1e4 common/built-in.o
                0x0000000060811150                fit_print_contents
 .text.fit_get_node_from_config
                0x0000000060811334       0x44 common/built-in.o
                0x0000000060811334                fit_get_node_from_config
 .text.fit_image_load
                0x0000000060811378      0x540 common/built-in.o
                0x0000000060811378                fit_image_load
 .text.boot_get_setup_fit
                0x00000000608118b8       0x6c common/built-in.o
                0x00000000608118b8                boot_get_setup_fit
 .text.get_ram_size
                0x0000000060811924       0xfc common/built-in.o
                0x0000000060811924                get_ram_size
 .text.get_effective_memsize
                0x0000000060811a20        0x8 common/built-in.o
                0x0000000060811a20                get_effective_memsize
 .text.stdio_serial_tstc
                0x0000000060811a28        0x4 common/built-in.o
 .text.stdio_serial_getc
                0x0000000060811a2c        0x4 common/built-in.o
 .text.stdio_serial_puts
                0x0000000060811a30        0x8 common/built-in.o
 .text.stdio_serial_putc
                0x0000000060811a38        0x8 common/built-in.o
 .text.stdio_get_list
                0x0000000060811a40        0xc common/built-in.o
                0x0000000060811a40                stdio_get_list
 .text.stdio_get_by_name
                0x0000000060811a4c       0x4c common/built-in.o
                0x0000000060811a4c                stdio_get_by_name
 .text.stdio_clone
                0x0000000060811a98       0x40 common/built-in.o
                0x0000000060811a98                stdio_clone
 .text.stdio_register_dev
                0x0000000060811ad8       0x50 common/built-in.o
                0x0000000060811ad8                stdio_register_dev
 .text.stdio_register
                0x0000000060811b28        0x8 common/built-in.o
                0x0000000060811b28                stdio_register
 .text.stdio_init_tables
                0x0000000060811b30       0x1c common/built-in.o
                0x0000000060811b30                stdio_init_tables
 .text.stdio_add_devices
                0x0000000060811b4c       0x78 common/built-in.o
                0x0000000060811b4c                stdio_add_devices
 .text.cli_simple_process_macros
                0x0000000060811bc4      0x1e0 common/built-in.o
                0x0000000060811bc4                cli_simple_process_macros
 .text.run_command
                0x0000000060811da4       0x10 common/built-in.o
                0x0000000060811da4                run_command
 .text.run_command_list
                0x0000000060811db4       0x5c common/built-in.o
                0x0000000060811db4                run_command_list
 .text.do_run   0x0000000060811e10       0x78 common/built-in.o
                0x0000000060811e10                do_run
 .text.cli_loop
                0x0000000060811e88        0xc common/built-in.o
                0x0000000060811e88                cli_loop
 .text.cli_init
                0x0000000060811e94        0x4 common/built-in.o
                0x0000000060811e94                cli_init
 .text.delete_char.part.0
                0x0000000060811e98       0xd0 common/built-in.o
 .text.cread_add_char
                0x0000000060811f68       0xe8 common/built-in.o
 .text.cli_readline_into_buffer
                0x0000000060812050      0x904 common/built-in.o
                0x0000000060812050                cli_readline_into_buffer
 .text.cli_readline
                0x0000000060812954       0x14 common/built-in.o
                0x0000000060812954                cli_readline
 .text.find_cmd_tbl
                0x0000000060812968       0xa4 common/built-in.o
                0x0000000060812968                find_cmd_tbl
 .text.find_cmd
                0x0000000060812a0c       0x28 common/built-in.o
                0x0000000060812a0c                find_cmd
 .text.cmd_usage
                0x0000000060812a34       0x5c common/built-in.o
                0x0000000060812a34                cmd_usage
 .text._do_help
                0x0000000060812a90      0x184 common/built-in.o
                0x0000000060812a90                _do_help
 .text.cmd_get_data_size
                0x0000000060812c14       0x5c common/built-in.o
                0x0000000060812c14                cmd_get_data_size
 .text.cmd_process
                0x0000000060812c70       0xbc common/built-in.o
                0x0000000060812c70                cmd_process
 .text.get_dev_hwpart
                0x0000000060812d2c       0xa4 disk/built-in.o
 .text.dev_print
                0x0000000060812dd0      0x218 disk/built-in.o
                0x0000000060812dd0                dev_print
 .text.init_part
                0x0000000060812fe8       0x20 disk/built-in.o
                0x0000000060812fe8                init_part
 .text.print_part
                0x0000000060813008       0xf8 disk/built-in.o
                0x0000000060813008                print_part
 .text.get_partition_info
                0x0000000060813100       0x28 disk/built-in.o
                0x0000000060813100                get_partition_info
 .text.get_device
                0x0000000060813128      0x118 disk/built-in.o
                0x0000000060813128                get_device
 .text.get_device_and_partition
                0x0000000060813240      0x440 disk/built-in.o
                0x0000000060813240                get_device_and_partition
 .text.test_block_type
                0x0000000060813680       0x7c disk/built-in.o
 .text.print_partition_extended
                0x00000000608136fc      0x25c disk/built-in.o
 .text.get_partition_info_extended.constprop.2
                0x0000000060813958      0x2e8 disk/built-in.o
 .text.test_part_dos
                0x0000000060813c40       0x60 disk/built-in.o
                0x0000000060813c40                test_part_dos
 .text.print_part_dos
                0x0000000060813ca0       0x34 disk/built-in.o
                0x0000000060813ca0                print_part_dos
 .text.get_partition_info_dos
                0x0000000060813cd4       0x20 disk/built-in.o
                0x0000000060813cd4                get_partition_info_dos
 .text.mod_exp_sw
                0x0000000060813cf4       0x14 drivers/built-in.o
                0x0000000060813cf4                mod_exp_sw
 .text.mmc_host_reset
                0x0000000060813d08       0x18 drivers/mmc/built-in.o
 .text.host_set_ios
                0x0000000060813d20       0xf0 drivers/mmc/built-in.o
 .text.do_command
                0x0000000060813e10      0x120 drivers/mmc/built-in.o
 .text.host_request
                0x0000000060813f30      0x350 drivers/mmc/built-in.o
 .text.arm_pl180_mmci_init
                0x0000000060814280       0x9c drivers/mmc/built-in.o
                0x0000000060814280                arm_pl180_mmci_init
 .text.mmc_set_ios
                0x000000006081431c       0x18 drivers/mmc/built-in.o
 .text.mmc_set_capacity
                0x0000000060814334       0xac drivers/mmc/built-in.o
 .text.board_mmc_getwp
                0x00000000608143e0        0x8 drivers/mmc/built-in.o
                0x00000000608143e0                board_mmc_getwp
 .text.mmc_getwp
                0x00000000608143e8       0x3c drivers/mmc/built-in.o
                0x00000000608143e8                mmc_getwp
 .text.board_mmc_getcd
                0x0000000060814424        0x8 drivers/mmc/built-in.o
                0x0000000060814424                board_mmc_getcd
 .text.mmc_send_cmd
                0x000000006081442c       0x10 drivers/mmc/built-in.o
                0x000000006081442c                mmc_send_cmd
 .text.mmc_send_ext_csd
                0x000000006081443c       0x4c drivers/mmc/built-in.o
 .text.mmc_go_idle
                0x0000000060814488       0x4c drivers/mmc/built-in.o
 .text.mmc_send_op_cond_iter
                0x00000000608144d4       0x78 drivers/mmc/built-in.o
 .text.mmc_send_status
                0x000000006081454c       0xdc drivers/mmc/built-in.o
                0x000000006081454c                mmc_send_status
 .text.mmc_switch.isra.1
                0x0000000060814628       0x54 drivers/mmc/built-in.o
 .text.mmc_set_blocklen
                0x000000006081467c       0x40 drivers/mmc/built-in.o
                0x000000006081467c                mmc_set_blocklen
 .text.find_mmc_device
                0x00000000608146bc       0x4c drivers/mmc/built-in.o
                0x00000000608146bc                find_mmc_device
 .text.mmc_bread
                0x0000000060814708      0x13c drivers/mmc/built-in.o
 .text.mmc_switch_part
                0x0000000060814844       0x58 drivers/mmc/built-in.o
                0x0000000060814844                mmc_switch_part
 .text.mmc_select_hwpart
                0x000000006081489c       0x6c drivers/mmc/built-in.o
                0x000000006081489c                mmc_select_hwpart
 .text.mmc_hwpart_config
                0x0000000060814908      0x434 drivers/mmc/built-in.o
                0x0000000060814908                mmc_hwpart_config
 .text.mmc_getcd
                0x0000000060814d3c       0x3c drivers/mmc/built-in.o
                0x0000000060814d3c                mmc_getcd
 .text.mmc_set_clock
                0x0000000060814d78       0x24 drivers/mmc/built-in.o
                0x0000000060814d78                mmc_set_clock
 .text.mmc_startup
                0x0000000060814d9c      0xd24 drivers/mmc/built-in.o
 .text.mmc_create
                0x0000000060815ac0       0xf8 drivers/mmc/built-in.o
                0x0000000060815ac0                mmc_create
 .text.board_mmc_power_init
                0x0000000060815bb8        0x4 drivers/mmc/built-in.o
                0x0000000060815bb8                board_mmc_power_init
 .text.mmc_start_init
                0x0000000060815bbc      0x25c drivers/mmc/built-in.o
                0x0000000060815bbc                mmc_start_init
 .text.mmc_init
                0x0000000060815e18       0xf0 drivers/mmc/built-in.o
                0x0000000060815e18                mmc_init
 .text.mmc_get_dev
                0x0000000060815f08       0x2c drivers/mmc/built-in.o
                0x0000000060815f08                mmc_get_dev
 .text.mmc_set_dsr
                0x0000000060815f34        0xc drivers/mmc/built-in.o
                0x0000000060815f34                mmc_set_dsr
 .text.board_mmc_init
                0x0000000060815f40        0x8 drivers/mmc/built-in.o
                0x0000000060815f40                board_mmc_init
 .text.print_mmc_devices
                0x0000000060815f48       0xc0 drivers/mmc/built-in.o
                0x0000000060815f48                print_mmc_devices
 .text.get_mmc_num
                0x0000000060816008       0x10 drivers/mmc/built-in.o
                0x0000000060816008                get_mmc_num
 .text.mmc_initialize
                0x0000000060816018       0x98 drivers/mmc/built-in.o
                0x0000000060816018                mmc_initialize
 .text.mmc_berase
                0x00000000608160b0      0x18c drivers/mmc/built-in.o
                0x00000000608160b0                mmc_berase
 .text.mmc_bwrite
                0x000000006081623c      0x160 drivers/mmc/built-in.o
                0x000000006081623c                mmc_bwrite
 .text.flash_make_cmd
                0x000000006081639c       0x5c drivers/mtd/built-in.o
 .text.flash_isequal
                0x00000000608163f8       0xb0 drivers/mtd/built-in.o
 .text.flash_isset
                0x00000000608164a8       0xbc drivers/mtd/built-in.o
 .text.find_sector
                0x0000000060816564       0x8c drivers/mtd/built-in.o
 .text.cfi_reverse_geometry
                0x00000000608165f0       0xc4 drivers/mtd/built-in.o
 .text.flash_add_byte.isra.5
                0x00000000608166b4       0x90 drivers/mtd/built-in.o
 .text.cfi_flash_bank_addr
                0x0000000060816744       0x2c drivers/mtd/built-in.o
                0x0000000060816744                cfi_flash_bank_addr
 .text.cfi_flash_bank_size
                0x0000000060816770        0x8 drivers/mtd/built-in.o
                0x0000000060816770                cfi_flash_bank_size
 .text.flash_get_info
                0x0000000060816778       0x80 drivers/mtd/built-in.o
                0x0000000060816778                flash_get_info
 .text.flash_sector_size
                0x00000000608167f8       0x38 drivers/mtd/built-in.o
                0x00000000608167f8                flash_sector_size
 .text.flash_write_cmd
                0x0000000060816830       0x8c drivers/mtd/built-in.o
                0x0000000060816830                flash_write_cmd
 .text.flash_unlock_seq
                0x00000000608168bc       0x30 drivers/mtd/built-in.o
 .text.flash_status_check
                0x00000000608168ec      0x1a8 drivers/mtd/built-in.o
 .text.flash_full_status_check
                0x0000000060816a94      0x170 drivers/mtd/built-in.o
 .text.flash_write_cfiword
                0x0000000060816c04      0x20c drivers/mtd/built-in.o
 .text.flash_erase
                0x0000000060816e10      0x1c8 drivers/mtd/built-in.o
                0x0000000060816e10                flash_erase
 .text.flash_print_info
                0x0000000060816fd8      0x294 drivers/mtd/built-in.o
                0x0000000060816fd8                flash_print_info
 .text.write_buff
                0x000000006081726c      0x654 drivers/mtd/built-in.o
                0x000000006081726c                write_buff
 .text.flash_real_protect
                0x00000000608178c0      0x384 drivers/mtd/built-in.o
                0x00000000608178c0                flash_real_protect
 .text.__flash_cmd_reset
                0x0000000060817c44       0x38 drivers/mtd/built-in.o
                0x0000000060817c44                flash_cmd_reset
 .text.flash_get_size
                0x0000000060817c7c      0x948 drivers/mtd/built-in.o
                0x0000000060817c7c                flash_get_size
 .text.flash_protect_default
                0x00000000608185c4       0x58 drivers/mtd/built-in.o
                0x00000000608185c4                flash_protect_default
 .text.flash_init
                0x000000006081861c      0x140 drivers/mtd/built-in.o
                0x000000006081861c                flash_init
 .text.__smc911x_reg_read
                0x000000006081875c        0xc drivers/net/built-in.o
                0x000000006081875c                pkt_data_pull
                0x000000006081875c                smc911x_reg_read
 .text.__smc911x_reg_write
                0x0000000060818768        0xc drivers/net/built-in.o
                0x0000000060818768                pkt_data_push
                0x0000000060818768                smc911x_reg_write
 .text.smc911x_rx
                0x0000000060818774       0xac drivers/net/built-in.o
 .text.smc911x_send
                0x0000000060818820      0x110 drivers/net/built-in.o
 .text.smc911x_set_mac_csr
                0x0000000060818930       0x5c drivers/net/built-in.o
 .text.smc911x_handle_mac_address
                0x000000006081898c       0x60 drivers/net/built-in.o
 .text.smc911x_reset
                0x00000000608189ec       0xfc drivers/net/built-in.o
 .text.smc911x_halt
                0x0000000060818ae8       0x18 drivers/net/built-in.o
 .text.smc911x_get_mac_csr
                0x0000000060818b00       0x54 drivers/net/built-in.o
 .text.smc911x_eth_phy_write.constprop.0
                0x0000000060818b54       0x64 drivers/net/built-in.o
 .text.smc911x_init
                0x0000000060818bb8      0x164 drivers/net/built-in.o
 .text.smc911x_initialize
                0x0000000060818d1c      0x17c drivers/net/built-in.o
                0x0000000060818d1c                smc911x_initialize
 .text.serial_stub_start
                0x0000000060818e98        0xc drivers/serial/built-in.o
 .text.serial_stub_stop
                0x0000000060818ea4        0xc drivers/serial/built-in.o
 .text.serial_stub_putc
                0x0000000060818eb0       0x10 drivers/serial/built-in.o
 .text.serial_stub_puts
                0x0000000060818ec0       0x10 drivers/serial/built-in.o
 .text.serial_stub_getc
                0x0000000060818ed0        0xc drivers/serial/built-in.o
                0x0000000060818ed0                serial_stub_getc
 .text.serial_stub_tstc
                0x0000000060818edc        0xc drivers/serial/built-in.o
                0x0000000060818edc                serial_stub_tstc
 .text.get_current
                0x0000000060818ee8       0x40 drivers/serial/built-in.o
 .text.serial_null
                0x0000000060818f28        0x4 drivers/serial/built-in.o
                0x0000000060818f28                jz_serial_initialize
                0x0000000060818f28                bfin_serial_initialize
                0x0000000060818f28                p3mx_serial_initialize
                0x0000000060818f28                leon2_serial_initialize
                0x0000000060818f28                leon3_serial_initialize
                0x0000000060818f28                stm32_serial_initialize
                0x0000000060818f28                amirix_serial_initialize
                0x0000000060818f28                marvell_serial_initialize
                0x0000000060818f28                cpci750_serial_initialize
                0x0000000060818f28                ns16550_serial_initialize
                0x0000000060818f28                asc_serial_initialize
                0x0000000060818f28                altera_serial_initialize
                0x0000000060818f28                oc_serial_initialize
                0x0000000060818f28                sh_serial_initialize
                0x0000000060818f28                mxs_auart_initialize
                0x0000000060818f28                arm_dcc_initialize
                0x0000000060818f28                bmw_serial_initialize
                0x0000000060818f28                arc_serial_initialize
                0x0000000060818f28                mcf_serial_initialize
                0x0000000060818f28                lh7a40x_serial_initialize
                0x0000000060818f28                evb64260_serial_initialize
                0x0000000060818f28                lpc32xx_serial_initialize
                0x0000000060818f28                max3100_serial_initialize
                0x0000000060818f28                mpc85xx_serial_initialize
                0x0000000060818f28                imx_serial_initialize
                0x0000000060818f28                bfin_jtag_initialize
                0x0000000060818f28                cogent_serial_initialize
                0x0000000060818f28                clps7111_serial_initialize
                0x0000000060818f28                ml2_serial_initialize
                0x0000000060818f28                sandbox_serial_initialize
                0x0000000060818f28                s3c24xx_serial_initialize
                0x0000000060818f28                sconsole_serial_initialize
                0x0000000060818f28                uartlite_serial_initialize
                0x0000000060818f28                au1x00_serial_initialize
                0x0000000060818f28                pxa_serial_initialize
                0x0000000060818f28                atmel_serial_initialize
                0x0000000060818f28                altera_jtag_serial_initialize
                0x0000000060818f28                mpc512x_serial_initialize
                0x0000000060818f28                s5p_serial_initialize
                0x0000000060818f28                zynq_serial_initialize
                0x0000000060818f28                sa1100_serial_initialize
                0x0000000060818f28                mpc8260_scc_serial_initialize
                0x0000000060818f28                mxc_serial_initialize
                0x0000000060818f28                iop480_serial_initialize
                0x0000000060818f28                mpc8xx_serial_initialize
                0x0000000060818f28                mpc8260_smc_serial_initialize
                0x0000000060818f28                mpc5xx_serial_initialize
 .text.serial_register
                0x0000000060818f2c       0x18 drivers/serial/built-in.o
                0x0000000060818f2c                serial_register
 .text.serial_stdio_init
                0x0000000060818f44       0xa8 drivers/serial/built-in.o
                0x0000000060818f44                serial_stdio_init
 .text.serial_assign
                0x0000000060818fec       0x4c drivers/serial/built-in.o
                0x0000000060818fec                serial_assign
 .text.serial_initialize
                0x0000000060819038       0xd0 drivers/serial/built-in.o
                0x0000000060819038                serial_initialize
 .text.serial_init
                0x0000000060819108       0x20 drivers/serial/built-in.o
                0x0000000060819108                serial_init
 .text.serial_setbrg
                0x0000000060819128       0x14 drivers/serial/built-in.o
                0x0000000060819128                serial_setbrg
 .text.on_baudrate
                0x000000006081913c       0xec drivers/serial/built-in.o
 .text.serial_getc
                0x0000000060819228       0x14 drivers/serial/built-in.o
                0x0000000060819228                serial_getc
 .text.serial_tstc
                0x000000006081923c       0x14 drivers/serial/built-in.o
                0x000000006081923c                serial_tstc
 .text.serial_putc
                0x0000000060819250       0x1c drivers/serial/built-in.o
                0x0000000060819250                serial_putc
 .text.serial_puts
                0x000000006081926c       0x1c drivers/serial/built-in.o
                0x000000006081926c                serial_puts
 .text.default_serial_puts
                0x0000000060819288       0x30 drivers/serial/built-in.o
                0x0000000060819288                default_serial_puts
 .text.pl01x_serial_putc
                0x00000000608192b8       0x40 drivers/serial/built-in.o
 .text.pl01x_serial_getc
                0x00000000608192f8       0x30 drivers/serial/built-in.o
 .text.pl01x_serial_tstc
                0x0000000060819328       0x1c drivers/serial/built-in.o
 .text.pl01x_serial_init_baud
                0x0000000060819344      0x108 drivers/serial/built-in.o
 .text.pl01x_serial_init
                0x000000006081944c       0x14 drivers/serial/built-in.o
                0x000000006081944c                pl01x_serial_init
 .text.pl01x_serial_setbrg
                0x0000000060819460       0x34 drivers/serial/built-in.o
 .text.pl01x_serial_initialize
                0x0000000060819494        0xc drivers/serial/built-in.o
                0x0000000060819494                pl01x_serial_initialize
 .text.default_serial_console
                0x00000000608194a0        0xc drivers/serial/built-in.o
                0x00000000608194a0                default_serial_console
 .text.fs_probe_unsupported
                0x00000000608194ac       0x18 fs/built-in.o
 .text.fs_ls_unsupported
                0x00000000608194c4        0x8 fs/built-in.o
 .text.fs_exists_unsupported
                0x00000000608194cc        0x8 fs/built-in.o
 .text.fs_size_unsupported
                0x00000000608194d4        0x8 fs/built-in.o
 .text.fs_read_unsupported
                0x00000000608194dc        0x8 fs/built-in.o
 .text.fs_write_unsupported
                0x00000000608194e4        0x8 fs/built-in.o
 .text.fs_close_unsupported
                0x00000000608194ec        0x4 fs/built-in.o
 .text.fs_uuid_unsupported
                0x00000000608194f0        0x8 fs/built-in.o
 .text.fs_get_info
                0x00000000608194f8       0x20 fs/built-in.o
 .text.fs_close
                0x0000000060819518       0x28 fs/built-in.o
 .text.fs_set_blk_dev
                0x0000000060819540       0xb8 fs/built-in.o
                0x0000000060819540                fs_set_blk_dev
 .text.fs_ls    0x00000000608195f8       0x3c fs/built-in.o
                0x00000000608195f8                fs_ls
 .text.fs_exists
                0x0000000060819634       0x34 fs/built-in.o
                0x0000000060819634                fs_exists
 .text.fs_size  0x0000000060819668       0x3c fs/built-in.o
                0x0000000060819668                fs_size
 .text.fs_read  0x00000000608196a4       0xa8 fs/built-in.o
                0x00000000608196a4                fs_read
 .text.do_size  0x000000006081974c       0x60 fs/built-in.o
                0x000000006081974c                do_size
 .text.do_load  0x00000000608197ac      0x254 fs/built-in.o
                0x00000000608197ac                do_load
 .text.do_ls    0x0000000060819a00       0x68 fs/built-in.o
                0x0000000060819a00                do_ls
 .text.file_exists
                0x0000000060819a68       0x2c fs/built-in.o
                0x0000000060819a68                file_exists
 .text.downcase
                0x0000000060819a94       0x30 fs/built-in.o
 .text.disk_read
                0x0000000060819ac4       0x64 fs/built-in.o
 .text.dirdelim
                0x0000000060819b28       0x30 fs/built-in.o
 .text.get_fatent
                0x0000000060819b58      0x154 fs/built-in.o
 .text.mkcksum  0x0000000060819cac       0x54 fs/built-in.o
 .text.get_cluster
                0x0000000060819d00      0x178 fs/built-in.o
 .text.get_name
                0x0000000060819e78       0xac fs/built-in.o
 .text.read_bootsectandvi
                0x0000000060819f24      0x124 fs/built-in.o
 .text.slot2str
                0x000000006081a048       0xc0 fs/built-in.o
 .text.get_vfatname
                0x000000006081a108      0x1c0 fs/built-in.o
 .text.fat_set_blk_dev
                0x000000006081a2c8       0xd0 fs/built-in.o
                0x000000006081a2c8                fat_set_blk_dev
 .text.do_fat_read_at
                0x000000006081a398      0xcbc fs/built-in.o
                0x000000006081a398                do_fat_read_at
 .text.do_fat_read
                0x000000006081b054       0x3c fs/built-in.o
                0x000000006081b054                do_fat_read
 .text.file_fat_detectfs
                0x000000006081b090      0x148 fs/built-in.o
                0x000000006081b090                file_fat_detectfs
 .text.file_fat_ls
                0x000000006081b1d8       0x2c fs/built-in.o
                0x000000006081b1d8                file_fat_ls
 .text.fat_exists
                0x000000006081b204       0x44 fs/built-in.o
                0x000000006081b204                fat_exists
 .text.fat_size
                0x000000006081b248       0x38 fs/built-in.o
                0x000000006081b248                fat_size
 .text.file_fat_read_at
                0x000000006081b280       0x60 fs/built-in.o
                0x000000006081b280                file_fat_read_at
 .text.fat_read_file
                0x000000006081b2e0       0x48 fs/built-in.o
                0x000000006081b2e0                fat_read_file
 .text.fat_close
                0x000000006081b328        0x4 fs/built-in.o
                0x000000006081b328                fat_close
 .text.subtract_modulus
                0x000000006081b32c       0x50 lib/built-in.o
 .text.montgomery_mul
                0x000000006081b37c      0x170 lib/built-in.o
 .text.rsa_convert_big_endian
                0x000000006081b4ec       0x24 lib/built-in.o
 .text.rsa_mod_exp_sw
                0x000000006081b510      0x358 lib/built-in.o
                0x000000006081b510                rsa_mod_exp_sw
 .text.zcalloc  0x000000006081b868        0x8 lib/built-in.o
                0x000000006081b868                zcalloc
 .text.zcfree   0x000000006081b870        0x8 lib/built-in.o
                0x000000006081b870                zcfree
 .text.inflate_fast
                0x000000006081b878      0x57c lib/built-in.o
                0x000000006081b878                inflate_fast
 .text.inflate_table
                0x000000006081bdf4      0x560 lib/built-in.o
                0x000000006081bdf4                inflate_table
 .text.inflateReset
                0x000000006081c354       0x7c lib/built-in.o
                0x000000006081c354                inflateReset
 .text.inflateInit2_
                0x000000006081c3d0      0x104 lib/built-in.o
                0x000000006081c3d0                inflateInit2_
 .text.inflateEnd
                0x000000006081c4d4       0x64 lib/built-in.o
                0x000000006081c4d4                inflateEnd
 .text.adler32  0x000000006081c538      0x344 lib/built-in.o
                0x000000006081c538                adler32
 .text.inflate  0x000000006081c87c     0x14cc lib/built-in.o
                0x000000006081c87c                inflate
 .text.fdt_check_header
                0x000000006081dd48       0x78 lib/built-in.o
                0x000000006081dd48                fdt_check_header
 .text.fdt_offset_ptr
                0x000000006081ddc0       0x4c lib/built-in.o
                0x000000006081ddc0                fdt_offset_ptr
 .text.fdt_next_tag
                0x000000006081de0c       0xf8 lib/built-in.o
                0x000000006081de0c                fdt_next_tag
 .text._fdt_check_node_offset
                0x000000006081df04       0x3c lib/built-in.o
                0x000000006081df04                _fdt_check_node_offset
 .text._fdt_check_prop_offset
                0x000000006081df40       0x3c lib/built-in.o
                0x000000006081df40                _fdt_check_prop_offset
 .text.fdt_next_node
                0x000000006081df7c       0xc8 lib/built-in.o
                0x000000006081df7c                fdt_next_node
 .text.fdt_first_subnode
                0x000000006081e044       0x38 lib/built-in.o
                0x000000006081e044                fdt_first_subnode
 .text.fdt_next_subnode
                0x000000006081e07c       0x50 lib/built-in.o
                0x000000006081e07c                fdt_next_subnode
 .text._fdt_find_string
                0x000000006081e0cc       0x5c lib/built-in.o
                0x000000006081e0cc                _fdt_find_string
 .text.fdt_move
                0x000000006081e128       0x48 lib/built-in.o
                0x000000006081e128                fdt_move
 .text.fdt_path_next_seperator
                0x000000006081e170       0x4c lib/built-in.o
 .text._nextprop
                0x000000006081e1bc       0x5c lib/built-in.o
 .text.fdt_string
                0x000000006081e218       0x14 lib/built-in.o
                0x000000006081e218                fdt_string
 .text.fdt_get_mem_rsv
                0x000000006081e22c       0x5c lib/built-in.o
                0x000000006081e22c                fdt_get_mem_rsv
 .text.fdt_num_mem_rsv
                0x000000006081e288       0x38 lib/built-in.o
                0x000000006081e288                fdt_num_mem_rsv
 .text.fdt_subnode_offset_namelen
                0x000000006081e2c0       0xd4 lib/built-in.o
                0x000000006081e2c0                fdt_subnode_offset_namelen
 .text.fdt_subnode_offset
                0x000000006081e394       0x30 lib/built-in.o
                0x000000006081e394                fdt_subnode_offset
 .text.fdt_get_name
                0x000000006081e3c4       0x74 lib/built-in.o
                0x000000006081e3c4                fdt_get_name
 .text.fdt_first_property_offset
                0x000000006081e438       0x20 lib/built-in.o
                0x000000006081e438                fdt_first_property_offset
 .text.fdt_next_property_offset
                0x000000006081e458       0x20 lib/built-in.o
                0x000000006081e458                fdt_next_property_offset
 .text.fdt_get_property_by_offset
                0x000000006081e478       0x54 lib/built-in.o
                0x000000006081e478                fdt_get_property_by_offset
 .text.fdt_get_property_namelen
                0x000000006081e4cc       0xb8 lib/built-in.o
                0x000000006081e4cc                fdt_get_property_namelen
 .text.fdt_get_property
                0x000000006081e584       0x3c lib/built-in.o
                0x000000006081e584                fdt_get_property
 .text.fdt_getprop_namelen
                0x000000006081e5c0       0x20 lib/built-in.o
                0x000000006081e5c0                fdt_getprop_namelen
 .text.fdt_getprop
                0x000000006081e5e0       0x3c lib/built-in.o
                0x000000006081e5e0                fdt_getprop
 .text.fdt_get_alias_namelen
                0x000000006081e61c       0x4c lib/built-in.o
                0x000000006081e61c                fdt_get_alias_namelen
 .text.fdt_path_offset
                0x000000006081e668       0xe8 lib/built-in.o
                0x000000006081e668                fdt_path_offset
 .text.fdt_supernode_atdepth_offset
                0x000000006081e750       0xb8 lib/built-in.o
                0x000000006081e750                fdt_supernode_atdepth_offset
 .text.fdt_node_depth
                0x000000006081e808       0x28 lib/built-in.o
                0x000000006081e808                fdt_node_depth
 .text.fdt_get_string_index
                0x000000006081e830       0x64 lib/built-in.o
                0x000000006081e830                fdt_get_string_index
 .text._fdt_blocks_misordered
                0x000000006081e894       0x64 lib/built-in.o
 .text._fdt_splice
                0x000000006081e8f8       0x78 lib/built-in.o
 .text._fdt_splice_mem_rsv
                0x000000006081e970       0x58 lib/built-in.o
 .text._fdt_splice_struct
                0x000000006081e9c8       0x4c lib/built-in.o
 .text._fdt_packblocks
                0x000000006081ea14       0xa8 lib/built-in.o
 .text._fdt_find_add_string
                0x000000006081eabc       0xa8 lib/built-in.o
 .text._fdt_add_property
                0x000000006081eb64       0x98 lib/built-in.o
 .text._fdt_rw_check_header
                0x000000006081ebfc       0x60 lib/built-in.o
 .text.fdt_add_mem_rsv
                0x000000006081ec5c       0x94 lib/built-in.o
                0x000000006081ec5c                fdt_add_mem_rsv
 .text.fdt_del_mem_rsv
                0x000000006081ecf0       0x5c lib/built-in.o
                0x000000006081ecf0                fdt_del_mem_rsv
 .text.fdt_setprop
                0x000000006081ed4c       0xcc lib/built-in.o
                0x000000006081ed4c                fdt_setprop
 .text.fdt_delprop
                0x000000006081ee18       0x60 lib/built-in.o
                0x000000006081ee18                fdt_delprop
 .text.fdt_add_subnode_namelen
                0x000000006081ee78       0xf4 lib/built-in.o
                0x000000006081ee78                fdt_add_subnode_namelen
 .text.fdt_add_subnode
                0x000000006081ef6c       0x30 lib/built-in.o
                0x000000006081ef6c                fdt_add_subnode
 .text.fdt_del_node
                0x000000006081ef9c       0x60 lib/built-in.o
                0x000000006081ef9c                fdt_del_node
 .text.fdt_open_into
                0x000000006081effc      0x1a0 lib/built-in.o
                0x000000006081effc                fdt_open_into
 .text.fdt_strerror
                0x000000006081f19c       0x58 lib/built-in.o
                0x000000006081f19c                fdt_strerror
 .text._fdt_node_end_offset
                0x000000006081f1f4       0x44 lib/built-in.o
                0x000000006081f1f4                _fdt_node_end_offset
 .text.fdt_address_cells
                0x000000006081f238       0x50 lib/built-in.o
                0x000000006081f238                fdt_address_cells
 .text.fdt_size_cells
                0x000000006081f288       0x4c lib/built-in.o
                0x000000006081f288                fdt_size_cells
 .text.gzalloc  0x000000006081f2d4       0x10 lib/built-in.o
                0x000000006081f2d4                gzalloc
 .text.gzfree   0x000000006081f2e4        0x8 lib/built-in.o
                0x000000006081f2e4                gzfree
 .text.zunzip   0x000000006081f2ec      0x11c lib/built-in.o
                0x000000006081f2ec                zunzip
 .text.gunzip   0x000000006081f408       0xc8 lib/built-in.o
                0x000000006081f408                gunzip
 .text.initcall_run_list
                0x000000006081f4d0       0x60 lib/built-in.o
                0x000000006081f4d0                initcall_run_list
 .text.lmb_add_region
                0x000000006081f530      0x1b0 lib/built-in.o
 .text.lmb_init
                0x000000006081f6e0       0x28 lib/built-in.o
                0x000000006081f6e0                lmb_init
 .text.lmb_add  0x000000006081f708        0x4 lib/built-in.o
                0x000000006081f708                lmb_add
 .text.lmb_free
                0x000000006081f70c      0x10c lib/built-in.o
                0x000000006081f70c                lmb_free
 .text.lmb_reserve
                0x000000006081f818        0x8 lib/built-in.o
                0x000000006081f818                lmb_reserve
 .text.__lmb_alloc_base
                0x000000006081f820      0x158 lib/built-in.o
                0x000000006081f820                __lmb_alloc_base
 .text.lmb_alloc_base
                0x000000006081f978       0x34 lib/built-in.o
                0x000000006081f978                lmb_alloc_base
 .text.lmb_alloc
                0x000000006081f9ac        0x8 lib/built-in.o
                0x000000006081f9ac                lmb_alloc
 .text.board_lmb_reserve
                0x000000006081f9b4        0x4 lib/built-in.o
                0x000000006081f9b4                board_lmb_reserve
 .text.byteReverse
                0x000000006081f9b8       0x2c lib/built-in.o
 .text.MD5Transform
                0x000000006081f9e4      0xa08 lib/built-in.o
 .text.MD5Update
                0x00000000608203ec       0xe0 lib/built-in.o
 .text.MD5Final
                0x00000000608204cc       0xc4 lib/built-in.o
 .text.md5_wd   0x0000000060820590       0x68 lib/built-in.o
                0x0000000060820590                md5_wd
 .text.string_to_ip
                0x00000000608205f8       0x60 lib/built-in.o
                0x00000000608205f8                string_to_ip
 .text.qsort    0x0000000060820658       0xe4 lib/built-in.o
                0x0000000060820658                qsort
 .text.sha1_process
                0x000000006082073c     0x14d8 lib/built-in.o
 .text.sha1_update.part.0
                0x0000000060821c14       0xbc lib/built-in.o
 .text.sha1_starts
                0x0000000060821cd0       0x4c lib/built-in.o
                0x0000000060821cd0                sha1_starts
 .text.sha1_update
                0x0000000060821d1c        0xc lib/built-in.o
                0x0000000060821d1c                sha1_update
 .text.sha1_finish
                0x0000000060821d28      0x144 lib/built-in.o
                0x0000000060821d28                sha1_finish
 .text.sha1_csum_wd
                0x0000000060821e6c       0x40 lib/built-in.o
                0x0000000060821e6c                sha1_csum_wd
 .text.sha256_process
                0x0000000060821eac     0x245c lib/built-in.o
 .text.sha256_update.part.0
                0x0000000060824308       0xbc lib/built-in.o
 .text.sha256_starts
                0x00000000608243c4       0x70 lib/built-in.o
                0x00000000608243c4                sha256_starts
 .text.sha256_update
                0x0000000060824434        0xc lib/built-in.o
                0x0000000060824434                sha256_update
 .text.sha256_finish
                0x0000000060824440      0x1b0 lib/built-in.o
                0x0000000060824440                sha256_finish
 .text.sha256_csum_wd
                0x00000000608245f0       0x40 lib/built-in.o
                0x00000000608245f0                sha256_csum_wd
 .text.cmpkey   0x0000000060824630       0x14 lib/built-in.o
 .text._hdelete.isra.1
                0x0000000060824644       0x50 lib/built-in.o
 .text.drop_var_from_set.part.2
                0x0000000060824694       0x50 lib/built-in.o
 .text.match_string
                0x00000000608246e4       0xb4 lib/built-in.o
 .text.match_entry
                0x0000000060824798       0xc0 lib/built-in.o
 .text.hcreate_r
                0x0000000060824858       0xac lib/built-in.o
                0x0000000060824858                hcreate_r
 .text.hdestroy_r
                0x0000000060824904       0x74 lib/built-in.o
                0x0000000060824904                hdestroy_r
 .text.hsearch_r